Bologne - Crotone
{'date': datetime.datetime(2020, 11, 29, 15, 0),
 'odds': {'betclic': [1.72, 3.8, 4.0],
          'france_pari': [1.71, 3.95, 4.2],
          'joa': [1.76, 3.9, 4.3],
          'netbet': [1.7, 3.95, 4.2],
          'parionssport': [1.75, 3.85, 4.1],
          'pasinobet': [1.72, 3.87, 4.2],
          'pmu': [1.68, 3.7, 4.1],
          'unibet': [1.75, 3.9, 4.15],
          'winamax': [1.74, 3.9, 4.1],
          'zebet': [1.68, 3.9, 4.2]}}
taux de retour au joueur = 94.594 %
somme des mises = 18.5
gain min = 17.5
gain max = 17.5
plus-value min = -1.0
plus-value max = -1.0
mises arrondies = [10.0, 4.43, 4.07]

Répartition des mises (les totaux affichés prennent en compte les éventuels freebets):
╒═════════╤══════════════╤════════╤════════╤═════════╕
│ Issue   │ Bookmaker    │   Cote │   Mise │   Total │
╞═════════╪══════════════╪════════╪════════╪═════════╡
│ Bologne │ parionssport │   1.75 │  10    │    17.5 │
├─────────┼──────────────┼────────┼────────┼─────────┤
│ Nul     │ france_pari  │   3.95 │   4.43 │    17.5 │
├─────────┼──────────────┼────────┼────────┼─────────┤
│ Crotone │ joa          │   4.3  │   4.07 │    17.5 │
╘═════════╧══════════════╧════════╧════════╧═════════╛
╒═════════╤══════════════╤═══════════════╕
│ TRJ     │   Plus-value │ Compétition   │
╞═════════╪══════════════╪═══════════════╡
│ 94.594% │           -1 │ Indéterminée  │
╘═════════╧══════════════╧═══════════════╛
